// Jest Snapshot v1, https://goo.gl/fbAQLP

exports[`should render correctly 1`] = `
<h3>
  Hello, 
  Sam
  ! I am React.
</h3>
`;
